python : 
WARNING:tensorflow:From C:\Use
rs\ditsd\AppData\Local\Program
s\Python\Python313\Lib\site-pa
ckages\tf_keras\src\losses.py:
2976: The name tf.losses.spars
e_softmax_cross_entropy is 
deprecated. Please use tf.comp
at.v1.losses.sparse_softmax_cr
oss_entropy instead.
At line:1 char:1
+ python test_poc.py > 
test_output.txt 2>&1
+ ~~~~~~~~~~~~~~~~~~~~~~~~~~~~
~~~~~~~~~~~~~
    + CategoryInfo          : 
    NotSpecified: (WARNING:t  
  ensorf...ntropy instead.:   
 String) [], RemoteExcepti    
on
    + FullyQualifiedErrorId : 
    NativeCommandError
 

Processing bus.jpg...
Loading YOLOv8-pose...
--- Results for bus.jpg ---
Person Count: 4
Person 1: 
Attention=Distracted 
(Yaw=0.63)
Person 1: Mood=fear
Person 2: 
Attention=Distracted 
(Yaw=-0.77)
Person 2: Mood=fear
Person 3: Attention=Attentive 
(Yaw=0.32)
Person 3: Mood=neutral
Person 4: Attention=Unknown 
(Yaw=0.00)
Person 4: Mood=sad
Saved annotated image to 
output_test.jpg
